```bash
hacker@commands~an-epic-filesystem-quest:~$ cd /
hacker@commands~an-epic-filesystem-quest:/$ ls -a
.           SPOILER  challenge  flag  lib32   media  opt   run   sys  var
..          bin      dev        home  lib64   mnt    proc  sbin  tmp
.dockerenv  boot     etc        lib   libx32  nix    root  srv   usr
hacker@commands~an-epic-filesystem-quest:/$ cat SPOILER
Yahaha, you found me!
The next clue is in: /opt/linux/linux-5.4/drivers/infiniband/hw/mlx5

The next clue is **hidden** --- its filename starts with a '.' character. You'll need to look for it using special options to 'ls'.
hacker@commands~an-epic-filesystem-quest:/$ cd /opt/linux/linux-5.4/drivers/infiniband/hw/mlx5
hacker@commands~an-epic-filesystem-quest:/opt/linux/linux-5.4/drivers/infiniband/hw/mlx5$ ls -a
.        Makefile  cong.c      flow.c    ib_virt.c  mlx5_ib.h  srq.c
..       ah.c      cq.c        gsi.c     mad.c      mr.c       srq.h
.GIST    cmd.c     devx.c      ib_rep.c  main.c     odp.c      srq_cmd.c
Kconfig  cmd.h     doorbell.c  ib_rep.h  mem.c      qp.c
hacker@commands~an-epic-filesystem-quest:/opt/linux/linux-5.4/drivers/infiniband/hw/mlx5$ cat >G
ssh-entrypoint: G: Permission denied
hacker@commands~an-epic-filesystem-quest:/opt/linux/linux-5.4/drivers/infiniband/hw/mlx5$ cat .GIST
Great sleuthing!
The next clue is in: /usr/share/vim/vim81/lang/ja.euc-jp
hacker@commands~an-epic-filesystem-quest:/opt/linux/linux-5.4/drivers/infiniband/hw/mlx5$ cd /usr/share/vim/vim81/lang/ja.euc-jp
hacker@commands~an-epic-filesystem-quest:/usr/share/vim/vim81/lang/ja.euc-jp$ ls -a
.  ..  LC_MESSAGES  SNIPPET
hacker@commands~an-epic-filesystem-quest:/usr/share/vim/vim81/lang/ja.euc-jp$ cat SNIPPET
Yahaha, you found me!
The next clue is in: /opt/linux/linux-5.4/tools/power/x86/turbostat

The next clue is **hidden** --- its filename starts with a '.' character. You'll need to look for it using special options to 'ls'.
hacker@commands~an-epic-filesystem-quest:/usr/share/vim/vim81/lang/ja.euc-jp$ cd /opt/linux/linux-5.4/tools/power/x86/turbostat
hacker@commands~an-epic-filesystem-quest:/opt/linux/linux-5.4/tools/power/x86/turbostat$ ls -a
.  ..  .WHISPER  .gitignore  Makefile  turbostat.8  turbostat.c
hacker@commands~an-epic-filesystem-quest:/opt/linux/linux-5.4/tools/power/x86/turbostat$ cat .WHISPER
Tubular find!
The next clue is in: /usr/share/racket/pkgs/redex-benchmark/redex/benchmark/models/compiled

The next clue is **hidden** --- its filename starts with a '.' character. You'll need to look for it using special options to 'ls'.
hacker@commands~an-epic-filesystem-quest:/opt/linux/linux-5.4/tools/power/x86/turbostat$ cd /usr/share/racket/pkgs/redex-benchmark/redex/benchmark/models/compiled
hacker@commands~an-epic-filesystem-quest:/usr/share/racket/pkgs/redex-benchmark/redex/benchmark/models/compiled$ ls -a
.   .REVELATION       all-info_rkt.zo        type-all-info_rkt.zo
..  all-info_rkt.dep  type-all-info_rkt.dep
hacker@commands~an-epic-filesystem-quest:/usr/share/racket/pkgs/redex-benchmark/redex/benchmark/models/compiled$ cat .REVELATION
Tubular find!
The next clue is in: /opt/linux/linux-5.4/arch/csky/boot

Watch out! The next clue is **trapped**. You'll need to read it out without 'cd'ing into the directory; otherwise, the clue will self destruct!
hacker@commands~an-epic-filesystem-quest:/usr/share/racket/pkgs/redex-benchmark/redex/benchmark/models/compiled$ cd
hacker@commands~an-epic-filesystem-quest:~$ cat /opt/linux/linux-5.4/arch/csky/boot/LEAD-TRAPPED
Great sleuthing!
The next clue is in: /usr/lib/python3/dist-packages/scipy/optimize/_shgo_lib

The next clue is **delayed** --- it will not become readable until you enter the directory with 'cd'.
hacker@commands~an-epic-filesystem-quest:~$ cd /usr/lib/python3/dist-packages/scipy/optimize/_shgo_lib
hacker@commands~an-epic-filesystem-quest:/usr/lib/python3/dist-packages/scipy/optimize/_shgo_lib$ ls
INFO  __init__.py  __pycache__  sobol_seq.py  sobol_vec.gz  triangulation.py
hacker@commands~an-epic-filesystem-quest:/usr/lib/python3/dist-packages/scipy/optimize/_shgo_lib$ cat INFO
Lucky listing!
The next clue is in: /opt/kropr/target/release/.fingerprint/thiserror-d63aee1970f751e8

The next clue is **delayed** --- it will not become readable until you enter the directory with 'cd'.
hacker@commands~an-epic-filesystem-quest:/usr/lib/python3/dist-packages/scipy/optimize/_shgo_lib$ cd /opt/kropr/target/release/.fingerprint/thiserror-d63aee1970f751e8
hacker@commands~an-epic-filesystem-quest:/opt/kropr/target/release/.fingerprint/thiserror-d63aee1970f751e8$ ls
README                                dep-build-script-build-script-build
build-script-build-script-build       invoked.timestamp
build-script-build-script-build.json
hacker@commands~an-epic-filesystem-quest:/opt/kropr/target/release/.fingerprint/thiserror-d63aee1970f751e8$ cat README
Great sleuthing!
The next clue is in: /usr/local/lib/python3.8/dist-packages/scapy/modules/__pycache__
hacker@commands~an-epic-filesystem-quest:/opt/kropr/target/release/.fingerprint/thiserror-d63aee1970f751e8$ cd /usr/local/lib/python3.8/dist-packages/scapy/modules/__pycache__
hacker@commands~an-epic-filesystem-quest:/usr/local/lib/python3.8/dist-packages/scapy/modules/__pycache__$ ls
DOSSIER                  p0f.cpython-38.pyc       voip.cpython-38.pyc
__init__.cpython-38.pyc  p0fv2.cpython-38.pyc
nmap.cpython-38.pyc      ticketer.cpython-38.pyc
hacker@commands~an-epic-filesystem-quest:/usr/local/lib/python3.8/dist-packages/scapy/modules/__pycache__$ cat DOSSIER
CONGRATULATIONS! Your perserverence has paid off, and you have found the flag!
It is: pwn.college{U97tTQ11qz9ewYuGG3zZC3nFgK3.dljM4QDLzYTN0czW}
hacker@commands~an-epic-filesystem-quest:/usr/local/lib/python3.8/dist-packages/scapy/modules/__pycache__$
```
## Making Directories
In this I learnt how to use the `mkdir` command and make a directory named `pwn` in tmp directory.<br>
Then I used `touch` to create a file named `college`.<br>
Then used `/challenge/run` to get the flag.<br>
```bash
hacker@commands~making-directories:~$ cd /tmp
hacker@commands~making-directories:/tmp$ ls
bin  hsperfdata_root  tmp.MiOQGWw5Zc
hacker@commands~making-directories:/tmp$ mkdir pwn
hacker@commands~making-directories:/tmp$ cd pwn
hacker@commands~making-directories:/tmp/pwn$ touch college
hacker@commands~making-directories:/tmp/pwn$ ls
college
hacker@commands~making-directories:/tmp/pwn$ /challenge/run
Success! Here is your flag:
pwn.college{snB8XU63Z2y_K2aym4UzZBR9kDg.dFzM4QDLzYTN0czW}
```
## Finding Files
In this I learnt about the `find` command.<br>
How versatile it can be. We could find by name or directory on the whole system.<br>
When I used `find` command I got multiple directories and files named `flag` I ran them one by one and got the flag in the third file.<br> 
```bash
hacker@commands~finding-files:~$ cd /
hacker@commands~finding-files:/$ find -name flag
find: ‘./tmp/tmp.MiOQGWw5Zc’: Permission denied
find: ‘./etc/ssl/private’: Permission denied
./usr/local/lib/python3.8/dist-packages/pwnlib/flag
./usr/local/share/radare2/5.9.5/flag
find: ‘./var/cache/apt/archives/partial’: Permission denied
find: ‘./var/cache/ldconfig’: Permission denied
find: ‘./var/cache/private’: Permission denied
find: ‘./var/lib/apt/lists/partial’: Permission denied
find: ‘./var/lib/mysql-files’: Permission denied
find: ‘./var/lib/private’: Permission denied
find: ‘./var/lib/mysql’: Permission denied
find: ‘./var/lib/mysql-keyring’: Permission denied
find: ‘./var/lib/php/sessions’: Permission denied
find: ‘./var/log/private’: Permission denied
find: ‘./var/log/apache2’: Permission denied
find: ‘./var/log/mysql’: Permission denied
find: ‘./run/mysqld’: Permission denied
find: ‘./run/sudo’: Permission denied
find: ‘./root’: Permission denied
./opt/linux/linux-5.4/security/apparmor/flag
./opt/pwndbg/.venv/lib/python3.8/site-packages/pwnlib/flag
./opt/radare2/libr/flag
find: ‘./proc/tty/driver’: Permission denied
find: ‘./proc/1/task/1/fd’: Permission denied
find: ‘./proc/1/task/1/fdinfo’: Permission denied
find: ‘./proc/1/task/1/ns’: Permission denied
find: ‘./proc/1/fd’: Permission denied
find: ‘./proc/1/map_files’: Permission denied
find: ‘./proc/1/fdinfo’: Permission denied
find: ‘./proc/1/ns’: Permission denied
find: ‘./proc/7/task/7/fd’: Permission denied
find: ‘./proc/7/task/7/fdinfo’: Permission denied
find: ‘./proc/7/task/7/ns’: Permission denied
find: ‘./proc/7/fd’: Permission denied
find: ‘./proc/7/map_files’: Permission denied
find: ‘./proc/7/fdinfo’: Permission denied
find: ‘./proc/7/ns’: Permission denied
./nix/store/1yagn5s8sf7kcs2hkccgf8d0wxlrv5sz-radare2-5.9.0/share/radare2/5.9.0/flag
./nix/store/pmvk2bk4p550w182rjfm529kfqddnvh3-python3.11-pwntools-4.12.0/lib/python3.11/site-packages/pwnlib/flag
hacker@commands~finding-files:/$ cat ./usr/local/lib/python3.8/dist-packages/pwnlib/flag
cat: ./usr/local/lib/python3.8/dist-packages/pwnlib/flag: Is a directory
hacker@commands~finding-files:/$ cat ./usr/local/share/radare2/5.9.5/flag
cat: ./usr/local/share/radare2/5.9.5/flag: Is a directory
hacker@commands~finding-files:/$ cat ./opt/linux/linux-5.4/security/apparmor/flag
pwn.college{Yrsfgo6ZDTaB6Br9SW0oZZFWmNY.dJzM4QDLzYTN0czW}
```
